// 重构日志: 63e3296a
// 重构日志: f27db308
// 重构日志: 47c76c9c
// 同步 ID: 2aa61144 @ Wed Jul 15 15:58:32 UTC 2026
// 重构日志: a369fe65
// 同步 ID: 330f95ff @ Thu Jul 16 01:22:20 UTC 2026
// 重构日志: fa9b385d
// 重构日志: 09d043b4
// 同步 ID: 43c66662 @ Fri Jul 17 12:56:29 UTC 2026
// 重构日志: 2d213f34
// 重构日志: b1e4499f
// 重构日志: 51b298cc
// 同步 ID: 80999848 @ Sun Jul 19 14:09:27 UTC 2026
// 重构日志: 73efaf3a
// 重构日志: a84b5b23
// 同步 ID: 833a5273 @ Sun Jul 19 17:35:01 UTC 2026
// 重构日志: 2d7a0955
// 同步 ID: 2dc29b73 @ Mon Jul 20 05:29:20 UTC 2026
// 重构日志: 828d1dfc
// 重构日志: d1ba5bd8
// 重构日志: 6e6b15af
// 同步 ID: 3da91dec @ Wed Jul 22 13:03:56 UTC 2026
// 同步 ID: c6911012 @ Wed Jul 22 15:37:05 UTC 2026
// 重构日志: 68a6198b
// 重构日志: 3c4a2e2c
// 重构日志: 73368113
// 重构日志: d9e0dba1
// 同步 ID: b68afc07 @ Sun Jul 26 05:03:39 UTC 2026
// 同步 ID: 25050bdf @ Sun Jul 26 08:11:09 UTC 2026
// 同步 ID: e803a2a6 @ Sun Jul 26 15:06:23 UTC 2026
// 重构日志: e3503624
